
> europlanner@1.0.0 test
> playwright test

Error: http://127.0.0.1:3100 is already used, make sure that nothing is running on the port/url or set reuseExistingServer:true in config.webServer.

[1A[2K
To open last HTML report run:
[36m[39m
[36m  npx playwright show-report[39m
[36m[39m
